// Jest Snapshot v1, https://goo.gl/fbAQLP

exports[`ProductTitle Debe mostrar el componente con el nombre del producto 1`] = `
<div
  className="productCard undefined"
>
  <span
    className="productDescription undefined"
  >
    Coffee Mug - Sin Imagen
     
  </span>
</div>
`;

exports[`ProductTitle debe mostrar el componente correctamente con el t√≠tulo personalizado 1`] = `
<span
  className="productDescription custom-class"
  style={
    Object {
      "color": "white",
    }
  }
>
  Custom Product
   
</span>
`;
